[DEBUG] initializer started
  pid=3283
  cwd=/home/runner/work/kotlin-stdlib/kotlin-stdlib
  command=predictable sync
  flags=2
  basePath=/home/runner/work/kotlin-stdlib/kotlin-stdlib/.predictable-code
[DEBUG] Verification path: /home/runner/work/kotlin-stdlib/kotlin-stdlib/.predictable-code/verification
  trace: predictable sync → Predictable.Cli.syncWithFindings → Core.SpecSync.sync → Core.SpecSync.syncLocked → Core.SpecSync.syncBody → Core.SpecSync.syncTranslateStep → Core.SpecSync.initVerification
[INFO] Creating verification folder
  trace: predictable sync → Predictable.Cli.syncWithFindings → Core.SpecSync.sync → Core.SpecSync.syncLocked → Core.SpecSync.syncBody → Core.SpecSync.syncTranslateStep → Core.SpecSync.initVerification
[DEBUG] Lake output: 
  trace: predictable sync → Predictable.Cli.syncWithFindings → Core.SpecSync.sync → Core.SpecSync.syncLocked → Core.SpecSync.syncBody → Core.SpecSync.syncTranslateStep → Core.SpecSync.initVerification
[INFO]   Translation engine: Kotlin compiler front-end (49 .kt file(s))
  trace: predictable sync → Predictable.Cli.syncWithFindings → Core.SpecSync.sync → Core.SpecSync.syncLocked → Core.SpecSync.syncBody → Core.SpecSync.syncTranslateStep → PredictableCore.Translation.orchestrateTranslation
[INFO] Resolved 153 JVM dependency file(s) via Gradle for Kotlin name resolution.
  trace: predictable sync → Predictable.Cli.syncWithFindings → Core.SpecSync.sync → Core.SpecSync.syncLocked → Core.SpecSync.syncBody → Core.SpecSync.syncTranslateStep → PredictableCore.Translation.orchestrateTranslation → PredictableCore.Translation.DirectTranslate.runKotlinDirect
[WARNING]   [kotlin] 2 build module(s) detected
  trace: predictable sync → Predictable.Cli.syncWithFindings → Core.SpecSync.sync → Core.SpecSync.syncLocked → Core.SpecSync.syncBody → Core.SpecSync.syncTranslateStep → PredictableCore.Translation.orchestrateTranslation
[WARNING]   [kotlin]   /home/runner/work/kotlin-stdlib/kotlin-stdlib/kotlin-stdlib/android/main/kotlin/com/javiersc/kotlin/stdlib/Platform.android.kt:3:19: 'public final actual val CurrentPlatform: Platform' has no corresponding expected declaration
  trace: predictable sync → Predictable.Cli.syncWithFindings → Core.SpecSync.sync → Core.SpecSync.syncLocked → Core.SpecSync.syncBody → Core.SpecSync.syncTranslateStep → PredictableCore.Translation.orchestrateTranslation
[WARNING]   [kotlin]   /home/runner/work/kotlin-stdlib/kotlin-stdlib/kotlin-stdlib/androidNativeArm32/main/kotlin/com/javiersc/kotlin/stdlib/Platform.androidNativeArm32.kt:3:19: 'public final actual val CurrentPlatform: Platform' has no corresponding expected declaration
  trace: predictable sync → Predictable.Cli.syncWithFindings → Core.SpecSync.sync → Core.SpecSync.syncLocked → Core.SpecSync.syncBody → Core.SpecSync.syncTranslateStep → PredictableCore.Translation.orchestrateTranslation
[WARNING]   [kotlin]   /home/runner/work/kotlin-stdlib/kotlin-stdlib/kotlin-stdlib/android/main/kotlin/com/javiersc/kotlin/stdlib/Platform.android.kt:3:19: Conflicting declarations:
  trace: predictable sync → Predictable.Cli.syncWithFindings → Core.SpecSync.sync → Core.SpecSync.syncLocked → Core.SpecSync.syncBody → Core.SpecSync.syncTranslateStep → PredictableCore.Translation.orchestrateTranslation
[WARNING]   [kotlin]   /home/runner/work/kotlin-stdlib/kotlin-stdlib/kotlin-stdlib/androidNativeArm32/test/kotlin/com/javiersc/kotlin/stdlib/PlatformTest.androidNativeArm32.kt:9:14: 'public final actual class PlatformTest : Any' has no corresponding expected declaration
  trace: predictable sync → Predictable.Cli.syncWithFindings → Core.SpecSync.sync → Core.SpecSync.syncLocked → Core.SpecSync.syncBody → Core.SpecSync.syncTranslateStep → PredictableCore.Translation.orchestrateTranslation
[WARNING]   [kotlin]   … and 45 more (see .report.json)
  trace: predictable sync → Predictable.Cli.syncWithFindings → Core.SpecSync.sync → Core.SpecSync.syncLocked → Core.SpecSync.syncBody → Core.SpecSync.syncTranslateStep → PredictableCore.Translation.orchestrateTranslation
[WARNING]   [kotlin] classpath: 153 entry/entries
  trace: predictable sync → Predictable.Cli.syncWithFindings → Core.SpecSync.sync → Core.SpecSync.syncLocked → Core.SpecSync.syncBody → Core.SpecSync.syncTranslateStep → PredictableCore.Translation.orchestrateTranslation
[WARNING]   [kotlin] scanned 83 file(s), emitted 8 IL document(s), 3216 compile error(s)
  trace: predictable sync → Predictable.Cli.syncWithFindings → Core.SpecSync.sync → Core.SpecSync.syncLocked → Core.SpecSync.syncBody → Core.SpecSync.syncTranslateStep → PredictableCore.Translation.orchestrateTranslation
[WARNING]   [kotlin]   /home/runner/work/kotlin-stdlib/kotlin-stdlib/kotlin-stdlib/androidNativeArm32/main/kotlin/com/javiersc/kotlin/stdlib/Platform.androidNativeArm32.kt:3:19: Conflicting declarations:
  trace: predictable sync → Predictable.Cli.syncWithFindings → Core.SpecSync.sync → Core.SpecSync.syncLocked → Core.SpecSync.syncBody → Core.SpecSync.syncTranslateStep → PredictableCore.Translation.orchestrateTranslation
[WARNING]   Kotlin: 8/83 file(s) produced IL (75 not translated; reasons in Code/.il/.report.json)
  trace: predictable sync → Predictable.Cli.syncWithFindings → Core.SpecSync.sync → Core.SpecSync.syncLocked → Core.SpecSync.syncBody → Core.SpecSync.syncTranslateStep → PredictableCore.Translation.orchestrateTranslation
[INFO]   IL render: Kotlin translated 49 file(s), and the IL renderer is the only renderer they have
  trace: predictable sync → Predictable.Cli.syncWithFindings → Core.SpecSync.sync → Core.SpecSync.syncLocked → Core.SpecSync.syncBody → Core.SpecSync.syncTranslateStep → PredictableCore.Translation.orchestrateTranslation
[INFO]   IL render: 8 module(s) from /home/runner/work/kotlin-stdlib/kotlin-stdlib/.predictable-code/verification/Code/.il, 0 undecodable
  trace: predictable sync → Predictable.Cli.syncWithFindings → Core.SpecSync.sync → Core.SpecSync.syncLocked → Core.SpecSync.syncBody → Core.SpecSync.syncTranslateStep → PredictableCore.Translation.orchestrateTranslation
[INFO]   IL call graph: derived 10 node(s) and 10 edge(s) from the           IL documents (this front end mines none)
  trace: predictable sync → Predictable.Cli.syncWithFindings → Core.SpecSync.sync → Core.SpecSync.syncLocked → Core.SpecSync.syncBody → Core.SpecSync.syncTranslateStep → PredictableCore.Translation.orchestrateTranslation
[INFO]   Kotlin direct-translate: 3/49 file(s) translated (fully compiled: false)
  trace: predictable sync → Predictable.Cli.syncWithFindings → Core.SpecSync.sync → Core.SpecSync.syncLocked → Core.SpecSync.syncBody → Core.SpecSync.syncTranslateStep → PredictableCore.Translation.orchestrateTranslation → PredictableCore.Translation.finishDirectTranslate
[INFO] analyze: bounding Lake fan-out to 3 concurrent lean worker(s) (worst case 6) — mem-capped: (11930 MB headroom − 1024 MB reserve) / (1536 MB × 2 worst-case overshoot) ⇒ 3, cores=4; budget 1536 MB per worker
  trace: predictable sync → Predictable.Cli.syncWithFindings → Core.SpecSync.sync → Core.SpecSync.syncLocked → Core.SpecSync.syncBody → Core.SpecSync.syncTranslateStep → Core.SpecSync.analyzeProject
[INFO] analyze: calibrating per-worker memory for the translated-code build on 4 module(s) at width 2...
  trace: predictable sync → Predictable.Cli.syncWithFindings → Core.SpecSync.sync → Core.SpecSync.syncLocked → Core.SpecSync.syncBody → Core.SpecSync.syncTranslateStep → Core.SpecSync.analyzeProject → Core.SpecSync.calibrateFanOut
[INFO] analyze: fan-out for the translated-code build: 3 worker(s) (worst case 6) — mem-capped: (11930 MB headroom − 1024 MB reserve) / (1536 MB × 2 worst-case overshoot) ⇒ 3, cores=4; 1536 MB per worker (assumed — no measurement)
  trace: predictable sync → Predictable.Cli.syncWithFindings → Core.SpecSync.sync → Core.SpecSync.syncLocked → Core.SpecSync.syncBody → Core.SpecSync.syncTranslateStep → Core.SpecSync.analyzeProject → Core.SpecSync.calibrateFanOut
[INFO] Building translated Code (tolerating partial compilation)...
  trace: predictable sync → Predictable.Cli.syncWithFindings → Core.SpecSync.sync → Core.SpecSync.syncLocked → Core.SpecSync.syncBody → Core.SpecSync.syncTranslateStep → Core.SpecSync.analyzeProject
[INFO] Scanning /home/runner/work/kotlin-stdlib/kotlin-stdlib/.predictable-code/verification/Code for translated functions...
  trace: predictable sync → Predictable.Cli.syncWithFindings → Core.SpecSync.sync → Core.SpecSync.syncLocked → Core.SpecSync.syncBody → Core.SpecSync.syncTranslateStep → Core.SpecSync.analyzeProject
[WARNING] Translation coverage 3/49 source file(s); 46 did not translate: kotlin-stdlib/android/main/kotlin/com/javiersc/kotlin/stdlib/Platform.android.kt (not translated (Kotlin front-end emitted no IL for this file)), kotlin-stdlib/androidNativeArm32/main/kotlin/com/javiersc/kotlin/stdlib/Platform.androidNativeArm32.kt (not translated (Kotlin front-end emitted no IL for this file)), kotlin-stdlib/androidNativeArm64/main/kotlin/com/javiersc/kotlin/stdlib/Platform.androidNativeArm64.kt (not translated (Kotlin front-end emitted no IL for this file)), kotlin-stdlib/androidNativeX64/main/kotlin/com/javiersc/kotlin/stdlib/Platform.androidNativeX64.kt (not translated (Kotlin front-end emitted no IL for this file)), kotlin-stdlib/androidNativeX86/main/kotlin/com/javiersc/kotlin/stdlib/Platform.androidNativeX86.kt (not translated (Kotlin front-end emitted no IL for this file)), kotlin-stdlib/common/main/kotlin/com/javiersc/kotlin/stdlib/AnsiColors.kt (not translated (Kotlin front-end emitted no IL for this file)), kotlin-stdlib/common/main/kotlin/com/javiersc/kotlin/stdlib/Boolean.kt (not translated (Kotlin front-end emitted no IL for this file)), kotlin-stdlib/common/main/kotlin/com/javiersc/kotlin/stdlib/CharSequence.kt (not translated (Kotlin front-end emitted no IL for this file)), kotlin-stdlib/common/main/kotlin/com/javiersc/kotlin/stdlib/Either.kt (not translated (Kotlin front-end emitted no IL for this file)), kotlin-stdlib/common/main/kotlin/com/javiersc/kotlin/stdlib/Identity.kt (not translated (Kotlin front-end emitted no IL for this file)), kotlin-stdlib/common/main/kotlin/com/javiersc/kotlin/stdlib/Iterable.kt (not translated (Kotlin front-end emitted no IL for this file)), kotlin-stdlib/common/main/kotlin/com/javiersc/kotlin/stdlib/List.kt (not translated (Kotlin front-end emitted no IL for this file)), kotlin-stdlib/common/main/kotlin/com/javiersc/kotlin/stdlib/Platform.kt (not translated (Kotlin front-end emitted no IL for this file)), kotlin-stdlib/common/main/kotlin/com/javiersc/kotlin/stdlib/Strings.kt (not translated (Kotlin front-end emitted no IL for this file)), kotlin-stdlib/common/main/kotlin/com/javiersc/kotlin/stdlib/StringsTransform.kt (not translated (Kotlin front-end emitted no IL for this file)), kotlin-stdlib/common/main/kotlin/com/javiersc/kotlin/stdlib/T.kt (not translated (Kotlin front-end emitted no IL for this file)), kotlin-stdlib/common/main/kotlin/com/javiersc/kotlin/stdlib/UseContextParameters.kt (not translated (Kotlin front-end emitted no IL for this file)), kotlin-stdlib/common/main/kotlin/com/javiersc/kotlin/stdlib/graph/Graph.kt (not translated (Kotlin front-end emitted no IL for this file)), kotlin-stdlib/common/main/kotlin/com/javiersc/kotlin/stdlib/tree/LevelOrderTreeIterator.kt (not translated (Kotlin front-end emitted no IL for this file)), kotlin-stdlib/common/main/kotlin/com/javiersc/kotlin/stdlib/tree/PostOrderTreeIterator.kt (not translated (Kotlin front-end emitted no IL for this file)), kotlin-stdlib/common/main/kotlin/com/javiersc/kotlin/stdlib/tree/PreOrderTreeIterator.kt (not translated (Kotlin front-end emitted no IL for this file)), kotlin-stdlib/common/main/kotlin/com/javiersc/kotlin/stdlib/tree/TreeNode.kt (not translated (Kotlin front-end emitted no IL for this file)), kotlin-stdlib/common/main/kotlin/com/javiersc/kotlin/stdlib/tree/TreeNodeIterators.kt (not translated (Kotlin front-end emitted no IL for this file)), kotlin-stdlib/common/main/kotlin/com/javiersc/kotlin/stdlib/validate/RulesScope.kt (not translated (Kotlin front-end emitted no IL for this file)), kotlin-stdlib/common/main/kotlin/com/javiersc/kotlin/stdlib/validate/Validator.kt (not translated (Kotlin front-end emitted no IL for this file)), kotlin-stdlib/iosArm64/main/kotlin/com/javiersc/kotlin/stdlib/Platform.iosArm64.kt (not translated (Kotlin front-end emitted no IL for this file)), kotlin-stdlib/iosSimulatorArm64/main/kotlin/com/javiersc/kotlin/stdlib/Platform.iosSimulatorArm64.kt (not translated (Kotlin front-end emitted no IL for this file)), kotlin-stdlib/iosX64/main/kotlin/com/javiersc/kotlin/stdlib/Platform.iosX64.kt (not translated (Kotlin front-end emitted no IL for this file)), kotlin-stdlib/js/main/kotlin/com/javiersc/kotlin/stdlib/Platform.js.kt (not translated (Kotlin front-end emitted no IL for this file)), kotlin-stdlib/jvm/main/kotlin/com/javiersc/kotlin/stdlib/Files.kt (not translated (Kotlin front-end emitted no IL for this file)), kotlin-stdlib/jvm/main/kotlin/com/javiersc/kotlin/stdlib/Platform.jvm.kt (not translated (Kotlin front-end emitted no IL for this file)), kotlin-stdlib/linuxArm64/main/kotlin/com/javiersc/kotlin/stdlib/Platform.linuxArm64.kt (not translated (Kotlin front-end emitted no IL for this file)), kotlin-stdlib/linuxX64/main/kotlin/com/javiersc/kotlin/stdlib/Platform.linuxX64.kt (not translated (Kotlin front-end emitted no IL for this file)), kotlin-stdlib/macosArm64/main/kotlin/com/javiersc/kotlin/stdlib/Platform.macosArm64.kt (not translated (Kotlin front-end emitted no IL for this file)), kotlin-stdlib/macosX64/main/kotlin/com/javiersc/kotlin/stdlib/Platform.macosX64.kt (not translated (Kotlin front-end emitted no IL for this file)), kotlin-stdlib/mingwX64/main/kotlin/com/javiersc/kotlin/stdlib/Platform.mingwX64.kt (not translated (Kotlin front-end emitted no IL for this file)), kotlin-stdlib/tvosArm64/main/kotlin/com/javiersc/kotlin/stdlib/Platform.tvosArm64.kt (not translated (Kotlin front-end emitted no IL for this file)), kotlin-stdlib/tvosSimulatorArm64/main/kotlin/com/javiersc/kotlin/stdlib/Platform.tvosSimulatorArm64.kt (not translated (Kotlin front-end emitted no IL for this file)), kotlin-stdlib/tvosX64/main/kotlin/com/javiersc/kotlin/stdlib/Platform.tvosX64.kt (not translated (Kotlin front-end emitted no IL for this file)), kotlin-stdlib/wasmJs/main/kotlin/com/javiersc/kotlin/stdlib/Platform.wasmJs.kt (not translated (Kotlin front-end emitted no IL for this file)), kotlin-stdlib/wasmWasi/main/kotlin/com/javiersc/kotlin/stdlib/Platform.wasmWasi.kt (not translated (Kotlin front-end emitted no IL for this file)), kotlin-stdlib/watchosArm32/main/kotlin/com/javiersc/kotlin/stdlib/Platform.watchosArm32.kt (not translated (Kotlin front-end emitted no IL for this file)), kotlin-stdlib/watchosArm64/main/kotlin/com/javiersc/kotlin/stdlib/Platform.watchosArm64.kt (not translated (Kotlin front-end emitted no IL for this file)), kotlin-stdlib/watchosDeviceArm64/main/kotlin/com/javiersc/kotlin/stdlib/Platform.watchosDeviceArm64.kt (not translated (Kotlin front-end emitted no IL for this file)), kotlin-stdlib/watchosSimulatorArm64/main/kotlin/com/javiersc/kotlin/stdlib/Platform.watchosSimulatorArm64.kt (not translated (Kotlin front-end emitted no IL for this file)), kotlin-stdlib/watchosX64/main/kotlin/com/javiersc/kotlin/stdlib/Platform.watchosX64.kt (not translated (Kotlin front-end emitted no IL for this file))
  trace: predictable sync → Predictable.Cli.syncWithFindings → Core.SpecSync.sync → Core.SpecSync.syncLocked → Core.SpecSync.syncBody → Core.SpecSync.syncTranslateStep → Core.SpecSync.analyzeProject
[INFO] Found 30 function(s) across 8 compiled module(s).
  trace: predictable sync → Predictable.Cli.syncWithFindings → Core.SpecSync.sync → Core.SpecSync.syncLocked → Core.SpecSync.syncBody → Core.SpecSync.syncTranslateStep → Core.SpecSync.analyzeProject
[INFO] Loaded caller facts for 30 function(s).
  trace: predictable sync → Predictable.Cli.syncWithFindings → Core.SpecSync.sync → Core.SpecSync.syncLocked → Core.SpecSync.syncBody → Core.SpecSync.syncTranslateStep → Core.SpecSync.analyzeProject
[INFO] Emitting analysis scaffolding to /home/runner/work/kotlin-stdlib/kotlin-stdlib/.predictable-code/verification/Analysis (9 module(s), up to 8 function(s) each)...
  trace: predictable sync → Predictable.Cli.syncWithFindings → Core.SpecSync.sync → Core.SpecSync.syncLocked → Core.SpecSync.syncBody → Core.SpecSync.syncTranslateStep → Core.SpecSync.analyzeProject
[INFO] analyze: capping each worker at 3584 MB (-M), Lean's default per-declaration heartbeat limit
  trace: predictable sync → Predictable.Cli.syncWithFindings → Core.SpecSync.sync → Core.SpecSync.syncLocked → Core.SpecSync.syncBody → Core.SpecSync.syncTranslateStep → Core.SpecSync.analyzeProject
[DEBUG] analysis run key: 01a3dbb2e4ae42fd
  trace: predictable sync → Predictable.Cli.syncWithFindings → Core.SpecSync.sync → Core.SpecSync.syncLocked → Core.SpecSync.syncBody → Core.SpecSync.syncTranslateStep → Core.SpecSync.analyzeProject
[INFO] analysis cache: 0 module(s) reusable, 9 to re-elaborate, 0 stale findings file(s) swept
  trace: predictable sync → Predictable.Cli.syncWithFindings → Core.SpecSync.sync → Core.SpecSync.syncLocked → Core.SpecSync.syncBody → Core.SpecSync.syncTranslateStep → Core.SpecSync.analyzeProject
[INFO] analyze: calibrating per-worker memory for the analysis build on 6 module(s) at width 2...
  trace: predictable sync → Predictable.Cli.syncWithFindings → Core.SpecSync.sync → Core.SpecSync.syncLocked → Core.SpecSync.syncBody → Core.SpecSync.syncTranslateStep → Core.SpecSync.analyzeProject → Core.SpecSync.calibrateFanOut
[INFO] analyze: fan-out for the analysis build: 3 worker(s) (worst case 6) — rejected implausible 117 MB/worker measurement (< 512 MB floor); mem-capped: (11930 MB headroom − 1024 MB reserve) / (1536 MB × 2 worst-case overshoot) ⇒ 3, cores=4; 1536 MB per worker (assumed — no measurement)
  trace: predictable sync → Predictable.Cli.syncWithFindings → Core.SpecSync.sync → Core.SpecSync.syncLocked → Core.SpecSync.syncBody → Core.SpecSync.syncTranslateStep → Core.SpecSync.analyzeProject → Core.SpecSync.calibrateFanOut
[INFO] Running `lake build Analysis` (this may take a while)...
  trace: predictable sync → Predictable.Cli.syncWithFindings → Core.SpecSync.sync → Core.SpecSync.syncLocked → Core.SpecSync.syncBody → Core.SpecSync.syncTranslateStep → Core.SpecSync.analyzeProject
[INFO] 6 function(s) hit the 4.32 inlining blowup (6 output-incomplete, 0 duplicated); generating @[spec] contracts and re-analyzing them through the contracts (#1373)…
  trace: predictable sync → Predictable.Cli.syncWithFindings → Core.SpecSync.sync → Core.SpecSync.syncLocked → Core.SpecSync.syncBody → Core.SpecSync.syncTranslateStep → Core.SpecSync.analyzeProject
[INFO] Left 23 function(s) inlined (no faithful contract — D4): Code.com.javiersc.kotlin.test.iterableMatchersKt.assertContains, Code.com.javiersc.kotlin.test.iterableMatchersKt.assertContainsExactly, Code.com.javiersc.kotlin.test.iterableMatchersKt.assertNotContains, Code.com.javiersc.kotlin.test.iterableMatchersKt.assertSize, Code.com.javiersc.kotlin.test.iterableMatchersKt.assertCount, Code.com.javiersc.kotlin.test.booleanMatchersKt.assertFalse, Code.com.javiersc.kotlin.test.booleanMatchersKt.assertTrue, Code.com.javiersc.kotlin.test.charSequenceMatchersKt.assertStartWith, Code.com.javiersc.kotlin.test.charSequenceMatchersKt.assertNotStartWith, Code.com.javiersc.kotlin.test.fileMatchers.jvmKt.assertDirectory, Code.com.javiersc.kotlin.test.fileMatchers.jvmKt.assertFile, Code.com.javiersc.kotlin.test.failKt.fail, Code.com.javiersc.kotlin.test.FileMatchersTest.constructor, Code.com.javiersc.kotlin.test.FileMatchersTest.tearDown, Code.com.javiersc.kotlin.test.comparableMatchersKt.assertGreaterThan, Code.com.javiersc.kotlin.test.comparableMatchersKt.assertLessThan, Code.com.javiersc.kotlin.test.genericMatchersKt.assertNotNull, Code.com.javiersc.kotlin.test.genericMatchersKt.assertNull, Code.com.javiersc.kotlin.test.genericMatchersKt.assertEquals, Code.com.javiersc.kotlin.test.genericMatchersKt.assertNotEquals, Code.com.javiersc.kotlin.test.genericMatchersKt.assertIs, Code.com.javiersc.kotlin.test.genericMatchersKt.assertIsNot, Code.com.javiersc.kotlin.test.genericMatchersKt.assertIsNot_1
  trace: predictable sync → Predictable.Cli.syncWithFindings → Core.SpecSync.sync → Core.SpecSync.syncLocked → Core.SpecSync.syncBody → Core.SpecSync.syncTranslateStep → Core.SpecSync.analyzeProject → Core.SpecSync.emitSpecContractTree
[WARNING] No @[spec] contracts could be generated (no faithful contracts derivable); leaving the blown-up function(s) as-is.
  trace: predictable sync → Predictable.Cli.syncWithFindings → Core.SpecSync.sync → Core.SpecSync.syncLocked → Core.SpecSync.syncBody → Core.SpecSync.syncTranslateStep → Core.SpecSync.analyzeProject
[WARNING] 6 theorem(s) lost their findings sidecar (worker crashed — machine under load?); retrying the analysis build once...
  trace: predictable sync → Predictable.Cli.syncWithFindings → Core.SpecSync.sync → Core.SpecSync.syncLocked → Core.SpecSync.syncBody → Core.SpecSync.syncTranslateStep → Core.SpecSync.analyzeProject
[INFO] analyze: retry re-elaborates 1 of 9 Analysis module(s) — the ones whose theorems lost a sidecar; the rest keep their oleans
  trace: predictable sync → Predictable.Cli.syncWithFindings → Core.SpecSync.sync → Core.SpecSync.syncLocked → Core.SpecSync.syncBody → Core.SpecSync.syncTranslateStep → Core.SpecSync.analyzeProject
[INFO] analyze: serial recovery — 1 worker, 10906 MB ceiling (the whole budgetable headroom)
  trace: predictable sync → Predictable.Cli.syncWithFindings → Core.SpecSync.sync → Core.SpecSync.syncLocked → Core.SpecSync.syncBody → Core.SpecSync.syncTranslateStep → Core.SpecSync.analyzeProject
[WARNING] analysis retry build did not succeed cleanly; findings may still be incomplete.
  trace: predictable sync → Predictable.Cli.syncWithFindings → Core.SpecSync.sync → Core.SpecSync.syncLocked → Core.SpecSync.syncBody → Core.SpecSync.syncTranslateStep → Core.SpecSync.analyzeProject
[WARNING] analysis output incomplete for 6 theorem(s) — the per-declaration findings sidecar was missing (the theorem's worker crashed or its module failed to compile) or reported that its analysis did not finish; those declarations are NOT known to be clean and their findings below may be UNDER-reported. Re-run `predictable analyze`. Affected:
  Code.com.javiersc.kotlin.test.FileMatchersTest.«assertDirectory.analyze_unconstrained (no findings sidecar)
  Code.com.javiersc.kotlin.test.FileMatchersTest.«assertDirectory.analyze_unconstrained (no findings sidecar)
  Code.com.javiersc.kotlin.test.FileMatchersTest.«assertDirectory.analyze_unconstrained (no findings sidecar)
  Code.com.javiersc.kotlin.test.FileMatchersTest.«assertFile.analyze_unconstrained (no findings sidecar)
  Code.com.javiersc.kotlin.test.FileMatchersTest.«assertFile.analyze_unconstrained (no findings sidecar)
  Code.com.javiersc.kotlin.test.FileMatchersTest.«assertFile.analyze_unconstrained (no findings sidecar)
  trace: predictable sync → Predictable.Cli.syncWithFindings → Core.SpecSync.sync → Core.SpecSync.syncLocked → Core.SpecSync.syncBody → Core.SpecSync.syncTranslateStep → Core.SpecSync.analyzeProject
[INFO] Wrote /home/runner/work/kotlin-stdlib/kotlin-stdlib/.predictable-code/verification/.analysis-results.json.
  trace: predictable sync → Predictable.Cli.syncWithFindings → Core.SpecSync.sync → Core.SpecSync.syncLocked → Core.SpecSync.syncBody → Core.SpecSync.syncTranslateStep → Core.SpecSync.analyzeProject
[INFO] Predictable Analysis: 29 function(s), 0 with potential issues (compiled 8/8 module(s))
  trace: predictable sync → Predictable.Cli.syncWithFindings → Core.SpecSync.sync → Core.SpecSync.syncLocked → Core.SpecSync.syncBody → Core.SpecSync.syncTranslateStep
[INFO] Published analysis results to the viewer (sync continues).
  trace: predictable sync → Predictable.Cli.syncWithFindings → Core.SpecSync.sync → Core.SpecSync.syncLocked → Core.SpecSync.syncBody → Core.SpecSync.syncTranslateStep
[INFO] Wrote 0 SARIF finding(s) to /home/runner/work/kotlin-stdlib/kotlin-stdlib/.predictable-code/verification/findings.sarif
  trace: predictable sync → Predictable.Cli.syncWithFindings → Core.SpecSync.sync → Core.SpecSync.syncLocked → Core.SpecSync.syncBody → Core.SpecSync.syncTranslateStep → Core.SpecSync.exportFindingsSarif → PredictableCore.Verification.SarifConversion.writeAnalysisSarif
[INFO] witness: this project declares kt, so the TypeScript engine was not run — it reads .ts/.tsx only. Obligations for the declared languages come from their own front ends.
  trace: predictable sync → Predictable.Cli.syncWithFindings → Core.SpecSync.sync → Core.SpecSync.syncLocked → Core.SpecSync.syncBody → Core.SpecSync.syncTranslateStep → Core.SpecSync.witnessProject
[INFO] Witness skipped: project declares kt; the TypeScript engine reads .ts/.tsx only (0 obligation(s) detected, none exercised)
  trace: predictable sync → Predictable.Cli.syncWithFindings → Core.SpecSync.sync → Core.SpecSync.syncLocked → Core.SpecSync.syncBody → Core.SpecSync.syncTranslateStep
[INFO]   Requirement harvest: 0 finding(s) harvested no requirement — 0 whose function the symbol graph could not resolve, 0 for which the analysis recorded no op-tree, 0 whose construct the importer declined, 0 whose sentence would not round-trip; 0 more were imported and then dropped as constraining no input, which is the filter working
  trace: predictable sync → Predictable.Cli.syncWithFindings → Core.SpecSync.sync → Core.SpecSync.syncLocked → Core.SpecSync.syncBody → Core.SpecSync.syncTranslateStep → Predictable.Cli.Shared.AnalysisSpecWriter.harvestAndPersistAnalysis → Predictable.Cli.Shared.AnalysisSpecWriter.analysisItemsToPersist
[INFO] Analysis specs: 3 page(s) created for source files with nothing inferred.
  trace: predictable sync → Predictable.Cli.syncWithFindings → Core.SpecSync.sync → Core.SpecSync.syncLocked → Core.SpecSync.syncBody → Core.SpecSync.syncTranslateStep → Predictable.Cli.Shared.AnalysisSpecWriter.harvestAndPersistAnalysis
[INFO] Analysis specs: 3 spec page(s) re-rendered with the current notation.
  trace: predictable sync → Predictable.Cli.syncWithFindings → Core.SpecSync.sync → Core.SpecSync.syncLocked → Core.SpecSync.syncBody → Core.SpecSync.syncTranslateStep → Predictable.Cli.Shared.AnalysisSpecWriter.harvestAndPersistAnalysis
[INFO] syncTranslateStep: first inference (no stamp) — running inference
  trace: predictable sync → Predictable.Cli.syncWithFindings → Core.SpecSync.sync → Core.SpecSync.syncLocked → Core.SpecSync.syncBody → Core.SpecSync.syncTranslateStep
[INFO] kernel: 9 module(s) built, 8 class(es) scanned (380 ms import+scan)
  trace: predictable sync → Predictable.Cli.syncWithFindings → Core.SpecSync.sync → Core.SpecSync.syncLocked → Core.SpecSync.syncBody → Core.SpecSync.syncTranslateStep → Predictable.Cli.Shared.DeterministicInference.runDeterministicInference → PredictableSpec.Pipeline.run
[INFO] CPG scope: 6 namespace(s) — IlArith, IlArray, IlUnknown, IlList, IlStr, Code
  trace: predictable sync → Predictable.Cli.syncWithFindings → Core.SpecSync.sync → Core.SpecSync.syncLocked → Core.SpecSync.syncBody → Core.SpecSync.syncTranslateStep → Predictable.Cli.Shared.DeterministicInference.runDeterministicInference → PredictableSpec.Pipeline.run
[INFO] CPG Code (all modules): 3148 nodes / 9391 edges
  trace: predictable sync → Predictable.Cli.syncWithFindings → Core.SpecSync.sync → Core.SpecSync.syncLocked → Core.SpecSync.syncBody → Core.SpecSync.syncTranslateStep → Predictable.Cli.Shared.DeterministicInference.runDeterministicInference → PredictableSpec.Pipeline.run → PredictableSpec.Cpg.runCpgIngest
[INFO] CPG ingest: 2575 ms
  trace: predictable sync → Predictable.Cli.syncWithFindings → Core.SpecSync.sync → Core.SpecSync.syncLocked → Core.SpecSync.syncBody → Core.SpecSync.syncTranslateStep → Predictable.Cli.Shared.DeterministicInference.runDeterministicInference → PredictableSpec.Pipeline.run
[INFO] structural rules: 0 (from 1 graph(s), 31 ms)
  trace: predictable sync → Predictable.Cli.syncWithFindings → Core.SpecSync.sync → Core.SpecSync.syncLocked → Core.SpecSync.syncBody → Core.SpecSync.syncTranslateStep → Predictable.Cli.Shared.DeterministicInference.runDeterministicInference → PredictableSpec.Pipeline.run
[INFO] symbolic rules: 0 from analysis (0 kept; CPG-duplicate + driver-entry rules dropped)
  trace: predictable sync → Predictable.Cli.syncWithFindings → Core.SpecSync.sync → Core.SpecSync.syncLocked → Core.SpecSync.syncBody → Core.SpecSync.syncTranslateStep → Predictable.Cli.Shared.DeterministicInference.runDeterministicInference → PredictableSpec.Pipeline.run
[INFO] inference: writing 0 inferred requirement(s) into specs
  trace: predictable sync → Predictable.Cli.syncWithFindings → Core.SpecSync.sync → Core.SpecSync.syncLocked → Core.SpecSync.syncBody → Core.SpecSync.syncTranslateStep → Predictable.Cli.Shared.DeterministicInference.runDeterministicInference
[INFO] inference:   reading persisted analysis sentences (0 structural draft(s))
  trace: predictable sync → Predictable.Cli.syncWithFindings → Core.SpecSync.sync → Core.SpecSync.syncLocked → Core.SpecSync.syncBody → Core.SpecSync.syncTranslateStep → Predictable.Cli.Shared.DeterministicInference.runDeterministicInference → Predictable.Cli.Shared.DeterministicInference.writeInferredSpecs
[INFO]   Requirement harvest: 0 finding(s) harvested no requirement — 0 whose function the symbol graph could not resolve, 0 for which the analysis recorded no op-tree, 0 whose construct the importer declined, 0 whose sentence would not round-trip; 0 more were imported and then dropped as constraining no input, which is the filter working
  trace: predictable sync → Predictable.Cli.syncWithFindings → Core.SpecSync.sync → Core.SpecSync.syncLocked → Core.SpecSync.syncBody → Core.SpecSync.syncTranslateStep → Predictable.Cli.Shared.DeterministicInference.runDeterministicInference → Predictable.Cli.Shared.DeterministicInference.writeInferredSpecs → Predictable.Cli.Shared.AnalysisSpecWriter.persistedAnalysisSentences → Predictable.Cli.Shared.AnalysisSpecWriter.analysisItemsToPersist
[INFO] inference:   deduplicating against 0 analysis sentence(s)
  trace: predictable sync → Predictable.Cli.syncWithFindings → Core.SpecSync.sync → Core.SpecSync.syncLocked → Core.SpecSync.syncBody → Core.SpecSync.syncTranslateStep → Predictable.Cli.Shared.DeterministicInference.runDeterministicInference → Predictable.Cli.Shared.DeterministicInference.writeInferredSpecs
[INFO]   Requirement harvest: 0 finding(s) harvested no requirement — 0 whose function the symbol graph could not resolve, 0 for which the analysis recorded no op-tree, 0 whose construct the importer declined, 0 whose sentence would not round-trip; 0 more were imported and then dropped as constraining no input, which is the filter working
  trace: predictable sync → Predictable.Cli.syncWithFindings → Core.SpecSync.sync → Core.SpecSync.syncLocked → Core.SpecSync.syncBody → Core.SpecSync.syncTranslateStep → Predictable.Cli.Shared.DeterministicInference.runDeterministicInference → Predictable.Cli.Shared.DeterministicInference.writeInferredSpecs → Predictable.Cli.Shared.AnalysisSpecWriter.persistedAnalysisThrowKeys → Predictable.Cli.Shared.AnalysisSpecWriter.analysisItemsToPersist
[INFO] inference:   0 draft(s) survive dedup; grouping by source file
  trace: predictable sync → Predictable.Cli.syncWithFindings → Core.SpecSync.sync → Core.SpecSync.syncLocked → Core.SpecSync.syncBody → Core.SpecSync.syncTranslateStep → Predictable.Cli.Shared.DeterministicInference.runDeterministicInference → Predictable.Cli.Shared.DeterministicInference.writeInferredSpecs
[INFO] inference:   0 source-file group(s); discovering existing specs under /home/runner/work/kotlin-stdlib/kotlin-stdlib
  trace: predictable sync → Predictable.Cli.syncWithFindings → Core.SpecSync.sync → Core.SpecSync.syncLocked → Core.SpecSync.syncBody → Core.SpecSync.syncTranslateStep → Predictable.Cli.Shared.DeterministicInference.runDeterministicInference → Predictable.Cli.Shared.DeterministicInference.writeInferredSpecs
[INFO] inference:   3 existing spec(s) found; writing
  trace: predictable sync → Predictable.Cli.syncWithFindings → Core.SpecSync.sync → Core.SpecSync.syncLocked → Core.SpecSync.syncBody → Core.SpecSync.syncTranslateStep → Predictable.Cli.Shared.DeterministicInference.runDeterministicInference → Predictable.Cli.Shared.DeterministicInference.writeInferredSpecs
[INFO] inference: harvesting analysis findings into the Analysis sections
  trace: predictable sync → Predictable.Cli.syncWithFindings → Core.SpecSync.sync → Core.SpecSync.syncLocked → Core.SpecSync.syncBody → Core.SpecSync.syncTranslateStep → Predictable.Cli.Shared.DeterministicInference.runDeterministicInference
[INFO]   Requirement harvest: 0 finding(s) harvested no requirement — 0 whose function the symbol graph could not resolve, 0 for which the analysis recorded no op-tree, 0 whose construct the importer declined, 0 whose sentence would not round-trip; 0 more were imported and then dropped as constraining no input, which is the filter working
  trace: predictable sync → Predictable.Cli.syncWithFindings → Core.SpecSync.sync → Core.SpecSync.syncLocked → Core.SpecSync.syncBody → Core.SpecSync.syncTranslateStep → Predictable.Cli.Shared.DeterministicInference.runDeterministicInference → Predictable.Cli.Shared.AnalysisSpecWriter.harvestAndPersistAnalysis → Predictable.Cli.Shared.AnalysisSpecWriter.analysisItemsToPersist
[INFO] Analysis specs: 3 spec page(s) re-rendered with the current notation.
  trace: predictable sync → Predictable.Cli.syncWithFindings → Core.SpecSync.sync → Core.SpecSync.syncLocked → Core.SpecSync.syncBody → Core.SpecSync.syncTranslateStep → Predictable.Cli.Shared.DeterministicInference.runDeterministicInference → Predictable.Cli.Shared.AnalysisSpecWriter.harvestAndPersistAnalysis
[INFO]   Requirement harvest: 0 finding(s) harvested no requirement — 0 whose function the symbol graph could not resolve, 0 for which the analysis recorded no op-tree, 0 whose construct the importer declined, 0 whose sentence would not round-trip; 0 more were imported and then dropped as constraining no input, which is the filter working
  trace: predictable sync → Predictable.Cli.syncWithFindings → Core.SpecSync.sync → Core.SpecSync.syncLocked → Core.SpecSync.syncBody → Core.SpecSync.syncTranslateStep → Predictable.Cli.Shared.AnalysisSpecWriter.writeProjectOverview → Predictable.Cli.Shared.AnalysisSpecWriter.analysisItemsToPersist
